2025-10-25 13:31:16,936 — ERROR — ⚠️ Erro ao enviar e-mail: SMTP AUTH extension not supported by server.
2025-10-25 13:32:49,210 — ERROR — ⚠️ Erro ao enviar e-mail: SMTP AUTH extension not supported by server.
2025-10-25 13:32:49,258 — ERROR — ⚠️ Erro ao enviar e-mail: SMTP AUTH extension not supported by server.
2025-10-27 14:46:51,259 — INFO — 🪶 Logging iniciado.
2025-10-27 14:48:21,627 — INFO — 🪶 Logging iniciado.
2025-10-30 12:11:43,592 — INFO — 🪶 Logging iniciado.
2025-10-30 12:31:41,096 — INFO — 🪶 Logging iniciado.
2025-10-30 12:33:31,780 — INFO — 🪶 Logging iniciado.
2025-10-30 12:34:42,736 — INFO — 🪶 Logging iniciado.
2025-10-30 12:37:20,603 — INFO — 🪶 Logging iniciado.
2025-10-30 12:37:25,994 — INFO — 🪶 Logging iniciado.
2025-10-30 12:47:49,465 — INFO — 🪶 Logging iniciado.
2025-10-30 12:49:16,918 — INFO — 🪶 Logging iniciado.
2025-10-30 12:50:35,816 — INFO — 🪶 Logging iniciado.
2025-10-30 12:52:55,623 — INFO — 🪶 Logging iniciado.
2025-10-30 12:55:18,864 — INFO — 🪶 Logging iniciado.
2025-10-30 12:56:55,495 — INFO — 🪶 Logging iniciado.
2025-10-30 12:57:16,993 — INFO — 🪶 Logging iniciado.
2025-10-30 13:01:50,790 — INFO — 🪶 Logging iniciado.
2025-10-30 13:01:57,803 — ERROR — [MAIL] Falhou: (501, b'5.5.2 Was expecting MAIL arg syntax of FROM:<address>', '=?utf-8?q?Agenda_de_Beleza?= <None>')
Traceback (most recent call last):
  File "C:\PAP\flask-beleza\app.py", line 54, in _send_async
    mail.send(msg)
  File "C:\PAP\flask-beleza\venv\Lib\site-packages\flask_mail\__init__.py", line 540, in send
    message.send(connection)
  File "C:\PAP\flask-beleza\venv\Lib\site-packages\flask_mail\__init__.py", line 482, in send
    connection.send(self)
  File "C:\PAP\flask-beleza\venv\Lib\site-packages\flask_mail\__init__.py", line 177, in send
    self.host.sendmail(
  File "C:\Users\User\AppData\Local\Programs\Python\Python312\Lib\smtplib.py", line 876, in sendmail
    raise SMTPSenderRefused(code, resp, from_addr)
smtplib.SMTPSenderRefused: (501, b'5.5.2 Was expecting MAIL arg syntax of FROM:<address>', '=?utf-8?q?Agenda_de_Beleza?= <None>')

2025-10-30 13:03:32,938 — INFO — 🪶 Logging iniciado.
2025-10-30 13:03:33,519 — INFO — [MAIL] Enviado → ['slowlydiogoo@gmail.com']
2025-10-30 13:03:34,725 — ERROR — [MAIL] Falhou: (535, b'5.7.8 Authentication failed')
Traceback (most recent call last):
  File "C:\PAP\flask-beleza\app.py", line 54, in _send_async
    mail.send(msg)
  File "C:\PAP\flask-beleza\venv\Lib\site-packages\flask_mail\__init__.py", line 539, in send
    with self.connect() as connection:
         ^^^^^^^^^^^^^^
  File "C:\PAP\flask-beleza\venv\Lib\site-packages\flask_mail\__init__.py", line 127, in __enter__
    self.host = self.configure_host()
                ^^^^^^^^^^^^^^^^^^^^^
  File "C:\PAP\flask-beleza\venv\Lib\site-packages\flask_mail\__init__.py", line 152, in configure_host
    host.login(self.mail.username, self.mail.password)
  File "C:\Users\User\AppData\Local\Programs\Python\Python312\Lib\smtplib.py", line 750, in login
    raise last_exception
  File "C:\Users\User\AppData\Local\Programs\Python\Python312\Lib\smtplib.py", line 739, in login
    (code, resp) = self.auth(
                   ^^^^^^^^^^
  File "C:\Users\User\AppData\Local\Programs\Python\Python312\Lib\smtplib.py", line 662, in auth
    raise SMTPAuthenticationError(code, resp)
smtplib.SMTPAuthenticationError: (535, b'5.7.8 Authentication failed')

2025-10-30 13:05:10,952 — INFO — [MAIL] Enviado → ['slowlydiogoo@gmail.com']
2025-10-30 13:05:12,026 — ERROR — [MAIL] Falhou: (535, b'5.7.8 Authentication failed')
Traceback (most recent call last):
  File "C:\PAP\flask-beleza\app.py", line 54, in _send_async
    mail.send(msg)
  File "C:\PAP\flask-beleza\venv\Lib\site-packages\flask_mail\__init__.py", line 539, in send
    with self.connect() as connection:
         ^^^^^^^^^^^^^^
  File "C:\PAP\flask-beleza\venv\Lib\site-packages\flask_mail\__init__.py", line 127, in __enter__
    self.host = self.configure_host()
                ^^^^^^^^^^^^^^^^^^^^^
  File "C:\PAP\flask-beleza\venv\Lib\site-packages\flask_mail\__init__.py", line 152, in configure_host
    host.login(self.mail.username, self.mail.password)
  File "C:\Users\User\AppData\Local\Programs\Python\Python312\Lib\smtplib.py", line 750, in login
    raise last_exception
  File "C:\Users\User\AppData\Local\Programs\Python\Python312\Lib\smtplib.py", line 739, in login
    (code, resp) = self.auth(
                   ^^^^^^^^^^
  File "C:\Users\User\AppData\Local\Programs\Python\Python312\Lib\smtplib.py", line 662, in auth
    raise SMTPAuthenticationError(code, resp)
smtplib.SMTPAuthenticationError: (535, b'5.7.8 Authentication failed')

2025-10-30 13:05:42,705 — INFO — [MAIL] Enviado → ['slowlydiogoo@gmail.com']
2025-10-30 13:05:44,014 — ERROR — [MAIL] Falhou: (535, b'5.7.8 Authentication failed')
Traceback (most recent call last):
  File "C:\PAP\flask-beleza\app.py", line 54, in _send_async
    mail.send(msg)
  File "C:\PAP\flask-beleza\venv\Lib\site-packages\flask_mail\__init__.py", line 539, in send
    with self.connect() as connection:
         ^^^^^^^^^^^^^^
  File "C:\PAP\flask-beleza\venv\Lib\site-packages\flask_mail\__init__.py", line 127, in __enter__
    self.host = self.configure_host()
                ^^^^^^^^^^^^^^^^^^^^^
  File "C:\PAP\flask-beleza\venv\Lib\site-packages\flask_mail\__init__.py", line 152, in configure_host
    host.login(self.mail.username, self.mail.password)
  File "C:\Users\User\AppData\Local\Programs\Python\Python312\Lib\smtplib.py", line 750, in login
    raise last_exception
  File "C:\Users\User\AppData\Local\Programs\Python\Python312\Lib\smtplib.py", line 739, in login
    (code, resp) = self.auth(
                   ^^^^^^^^^^
  File "C:\Users\User\AppData\Local\Programs\Python\Python312\Lib\smtplib.py", line 662, in auth
    raise SMTPAuthenticationError(code, resp)
smtplib.SMTPAuthenticationError: (535, b'5.7.8 Authentication failed')

2025-10-30 13:07:42,614 — INFO — 🪶 Logging iniciado.
2025-10-30 13:07:53,633 — ERROR — [MAIL] ❌ Falhou: (535, b'5.7.8 Authentication failed')
2025-11-01 12:01:09,842 — INFO — 🪶 Logging iniciado.
2025-11-01 12:01:24,840 — INFO — 🪶 Logging iniciado.
2025-11-01 12:01:43,497 — INFO — 🪶 Logging iniciado.
2025-11-01 12:02:37,842 — INFO — 🪶 Logging iniciado.
2025-11-01 12:07:04,334 — INFO — 🪶 Logging iniciado.
2025-11-01 12:07:08,104 — ERROR — Exception on / [GET]
Traceback (most recent call last):
  File "c:\Users\User\AppData\Local\Programs\Python\Python312\Lib\site-packages\flask\app.py", line 1511, in wsgi_app
    response = self.full_dispatch_request()
               ^^^^^^^^^^^^^^^^^^^^^^^^^^^^
  File "c:\Users\User\AppData\Local\Programs\Python\Python312\Lib\site-packages\flask\app.py", line 919, in full_dispatch_request
    rv = self.handle_user_exception(e)
         ^^^^^^^^^^^^^^^^^^^^^^^^^^^^^
  File "c:\Users\User\AppData\Local\Programs\Python\Python312\Lib\site-packages\flask\app.py", line 917, in full_dispatch_request
    rv = self.dispatch_request()
         ^^^^^^^^^^^^^^^^^^^^^^^
  File "c:\Users\User\AppData\Local\Programs\Python\Python312\Lib\site-packages\flask\app.py", line 902, in dispatch_request
    return self.ensure_sync(self.view_functions[rule.endpoint])(**view_args)  # type: ignore[no-any-return]
           ^^^^^^^^^^^^^^^^^^^^^^^^^^^^^^^^^^^^^^^^^^^^^^^^^^^^^^^^^^^^^^^^^
  File "C:\PAP\flask-beleza\app.py", line 129, in index
    return render_template("index.html")
           ^^^^^^^^^^^^^^^^^^^^^^^^^^^^^
  File "c:\Users\User\AppData\Local\Programs\Python\Python312\Lib\site-packages\flask\templating.py", line 150, in render_template
    return _render(app, template, context)
           ^^^^^^^^^^^^^^^^^^^^^^^^^^^^^^^
  File "c:\Users\User\AppData\Local\Programs\Python\Python312\Lib\site-packages\flask\templating.py", line 131, in _render
    rv = template.render(context)
         ^^^^^^^^^^^^^^^^^^^^^^^^
  File "c:\Users\User\AppData\Local\Programs\Python\Python312\Lib\site-packages\jinja2\environment.py", line 1295, in render
    self.environment.handle_exception()
  File "c:\Users\User\AppData\Local\Programs\Python\Python312\Lib\site-packages\jinja2\environment.py", line 942, in handle_exception
    raise rewrite_traceback_stack(source=source)
  File "C:\PAP\flask-beleza\templates\index.html", line 1, in top-level template code
    {% extends "base.html" %}
  File "C:\PAP\flask-beleza\templates\base.html", line 158, in top-level template code
    <a href="{{ url_for('login') }}" class="btn btn-outline">Entrar</a>
    ^^^^^^^^^^^^^^^^^^^^^^^^^
  File "c:\Users\User\AppData\Local\Programs\Python\Python312\Lib\site-packages\flask\app.py", line 1121, in url_for
    return self.handle_url_build_error(error, endpoint, values)
           ^^^^^^^^^^^^^^^^^^^^^^^^^^^^^^^^^^^^^^^^^^^^^^^^^^^^
  File "c:\Users\User\AppData\Local\Programs\Python\Python312\Lib\site-packages\flask\app.py", line 1110, in url_for
    rv = url_adapter.build(  # type: ignore[union-attr]
         ^^^^^^^^^^^^^^^^^^^^^^^^^^^^^^^^^^^^^^^^^^^^^^
  File "c:\Users\User\AppData\Local\Programs\Python\Python312\Lib\site-packages\werkzeug\routing\map.py", line 924, in build
    raise BuildError(endpoint, values, method, self)
werkzeug.routing.exceptions.BuildError: Could not build url for endpoint 'login'. Did you mean 'index' instead?
2025-11-01 12:07:08,203 — ERROR — Traceback (most recent call last):
  File "c:\Users\User\AppData\Local\Programs\Python\Python312\Lib\site-packages\flask\app.py", line 1511, in wsgi_app
    response = self.full_dispatch_request()
               ^^^^^^^^^^^^^^^^^^^^^^^^^^^^
  File "c:\Users\User\AppData\Local\Programs\Python\Python312\Lib\site-packages\flask\app.py", line 919, in full_dispatch_request
    rv = self.handle_user_exception(e)
         ^^^^^^^^^^^^^^^^^^^^^^^^^^^^^
  File "c:\Users\User\AppData\Local\Programs\Python\Python312\Lib\site-packages\flask\app.py", line 917, in full_dispatch_request
    rv = self.dispatch_request()
         ^^^^^^^^^^^^^^^^^^^^^^^
  File "c:\Users\User\AppData\Local\Programs\Python\Python312\Lib\site-packages\flask\app.py", line 902, in dispatch_request
    return self.ensure_sync(self.view_functions[rule.endpoint])(**view_args)  # type: ignore[no-any-return]
           ^^^^^^^^^^^^^^^^^^^^^^^^^^^^^^^^^^^^^^^^^^^^^^^^^^^^^^^^^^^^^^^^^
  File "C:\PAP\flask-beleza\app.py", line 129, in index
    return render_template("index.html")
           ^^^^^^^^^^^^^^^^^^^^^^^^^^^^^
  File "c:\Users\User\AppData\Local\Programs\Python\Python312\Lib\site-packages\flask\templating.py", line 150, in render_template
    return _render(app, template, context)
           ^^^^^^^^^^^^^^^^^^^^^^^^^^^^^^^
  File "c:\Users\User\AppData\Local\Programs\Python\Python312\Lib\site-packages\flask\templating.py", line 131, in _render
    rv = template.render(context)
         ^^^^^^^^^^^^^^^^^^^^^^^^
  File "c:\Users\User\AppData\Local\Programs\Python\Python312\Lib\site-packages\jinja2\environment.py", line 1295, in render
    self.environment.handle_exception()
  File "c:\Users\User\AppData\Local\Programs\Python\Python312\Lib\site-packages\jinja2\environment.py", line 942, in handle_exception
    raise rewrite_traceback_stack(source=source)
  File "C:\PAP\flask-beleza\templates\index.html", line 1, in top-level template code
    {% extends "base.html" %}
  File "C:\PAP\flask-beleza\templates\base.html", line 158, in top-level template code
    <a href="{{ url_for('login') }}" class="btn btn-outline">Entrar</a>
    ^^^^^^^^^^^^^^^^^^^^^^^^^
  File "c:\Users\User\AppData\Local\Programs\Python\Python312\Lib\site-packages\flask\app.py", line 1121, in url_for
    return self.handle_url_build_error(error, endpoint, values)
           ^^^^^^^^^^^^^^^^^^^^^^^^^^^^^^^^^^^^^^^^^^^^^^^^^^^^
  File "c:\Users\User\AppData\Local\Programs\Python\Python312\Lib\site-packages\flask\app.py", line 1110, in url_for
    rv = url_adapter.build(  # type: ignore[union-attr]
         ^^^^^^^^^^^^^^^^^^^^^^^^^^^^^^^^^^^^^^^^^^^^^^
  File "c:\Users\User\AppData\Local\Programs\Python\Python312\Lib\site-packages\werkzeug\routing\map.py", line 924, in build
    raise BuildError(endpoint, values, method, self)
werkzeug.routing.exceptions.BuildError: Could not build url for endpoint 'login'. Did you mean 'index' instead?

2025-11-01 12:11:01,441 — INFO — 🪶 Logging iniciado.
2025-11-01 12:11:02,827 — ERROR — Exception on / [GET]
Traceback (most recent call last):
  File "c:\Users\User\AppData\Local\Programs\Python\Python312\Lib\site-packages\flask\app.py", line 1511, in wsgi_app
    response = self.full_dispatch_request()
               ^^^^^^^^^^^^^^^^^^^^^^^^^^^^
  File "c:\Users\User\AppData\Local\Programs\Python\Python312\Lib\site-packages\flask\app.py", line 919, in full_dispatch_request
    rv = self.handle_user_exception(e)
         ^^^^^^^^^^^^^^^^^^^^^^^^^^^^^
  File "c:\Users\User\AppData\Local\Programs\Python\Python312\Lib\site-packages\flask\app.py", line 917, in full_dispatch_request
    rv = self.dispatch_request()
         ^^^^^^^^^^^^^^^^^^^^^^^
  File "c:\Users\User\AppData\Local\Programs\Python\Python312\Lib\site-packages\flask\app.py", line 902, in dispatch_request
    return self.ensure_sync(self.view_functions[rule.endpoint])(**view_args)  # type: ignore[no-any-return]
           ^^^^^^^^^^^^^^^^^^^^^^^^^^^^^^^^^^^^^^^^^^^^^^^^^^^^^^^^^^^^^^^^^
  File "C:\PAP\flask-beleza\app.py", line 318, in index
    return render_template("index.html")
           ^^^^^^^^^^^^^^^^^^^^^^^^^^^^^
  File "c:\Users\User\AppData\Local\Programs\Python\Python312\Lib\site-packages\flask\templating.py", line 150, in render_template
    return _render(app, template, context)
           ^^^^^^^^^^^^^^^^^^^^^^^^^^^^^^^
  File "c:\Users\User\AppData\Local\Programs\Python\Python312\Lib\site-packages\flask\templating.py", line 131, in _render
    rv = template.render(context)
         ^^^^^^^^^^^^^^^^^^^^^^^^
  File "c:\Users\User\AppData\Local\Programs\Python\Python312\Lib\site-packages\jinja2\environment.py", line 1295, in render
    self.environment.handle_exception()
  File "c:\Users\User\AppData\Local\Programs\Python\Python312\Lib\site-packages\jinja2\environment.py", line 942, in handle_exception
    raise rewrite_traceback_stack(source=source)
  File "C:\PAP\flask-beleza\templates\index.html", line 1, in top-level template code
    {% extends "base.html" %}
  File "C:\PAP\flask-beleza\templates\base.html", line 178, in top-level template code
    {% block content %}{% endblock %}
    ^^^^^^^^^^^^^^^^^^^^^^^^^
  File "C:\PAP\flask-beleza\templates\index.html", line 10, in block 'content'
    <a href="{{ url_for('agendar_redirect') }}" class="btn btn-pink">Agendar agora</a>
    ^^^^^^^^^^^^^^^^^^^^^^^^^
  File "c:\Users\User\AppData\Local\Programs\Python\Python312\Lib\site-packages\flask\app.py", line 1121, in url_for
    return self.handle_url_build_error(error, endpoint, values)
           ^^^^^^^^^^^^^^^^^^^^^^^^^^^^^^^^^^^^^^^^^^^^^^^^^^^^
  File "c:\Users\User\AppData\Local\Programs\Python\Python312\Lib\site-packages\flask\app.py", line 1110, in url_for
    rv = url_adapter.build(  # type: ignore[union-attr]
         ^^^^^^^^^^^^^^^^^^^^^^^^^^^^^^^^^^^^^^^^^^^^^^
  File "c:\Users\User\AppData\Local\Programs\Python\Python312\Lib\site-packages\werkzeug\routing\map.py", line 924, in build
    raise BuildError(endpoint, values, method, self)
werkzeug.routing.exceptions.BuildError: Could not build url for endpoint 'agendar_redirect'. Did you mean 'reset_request' instead?
2025-11-01 12:11:02,840 — ERROR — Traceback (most recent call last):
  File "c:\Users\User\AppData\Local\Programs\Python\Python312\Lib\site-packages\flask\app.py", line 1511, in wsgi_app
    response = self.full_dispatch_request()
               ^^^^^^^^^^^^^^^^^^^^^^^^^^^^
  File "c:\Users\User\AppData\Local\Programs\Python\Python312\Lib\site-packages\flask\app.py", line 919, in full_dispatch_request
    rv = self.handle_user_exception(e)
         ^^^^^^^^^^^^^^^^^^^^^^^^^^^^^
  File "c:\Users\User\AppData\Local\Programs\Python\Python312\Lib\site-packages\flask\app.py", line 917, in full_dispatch_request
    rv = self.dispatch_request()
         ^^^^^^^^^^^^^^^^^^^^^^^
  File "c:\Users\User\AppData\Local\Programs\Python\Python312\Lib\site-packages\flask\app.py", line 902, in dispatch_request
    return self.ensure_sync(self.view_functions[rule.endpoint])(**view_args)  # type: ignore[no-any-return]
           ^^^^^^^^^^^^^^^^^^^^^^^^^^^^^^^^^^^^^^^^^^^^^^^^^^^^^^^^^^^^^^^^^
  File "C:\PAP\flask-beleza\app.py", line 318, in index
    return render_template("index.html")
           ^^^^^^^^^^^^^^^^^^^^^^^^^^^^^
  File "c:\Users\User\AppData\Local\Programs\Python\Python312\Lib\site-packages\flask\templating.py", line 150, in render_template
    return _render(app, template, context)
           ^^^^^^^^^^^^^^^^^^^^^^^^^^^^^^^
  File "c:\Users\User\AppData\Local\Programs\Python\Python312\Lib\site-packages\flask\templating.py", line 131, in _render
    rv = template.render(context)
         ^^^^^^^^^^^^^^^^^^^^^^^^
  File "c:\Users\User\AppData\Local\Programs\Python\Python312\Lib\site-packages\jinja2\environment.py", line 1295, in render
    self.environment.handle_exception()
  File "c:\Users\User\AppData\Local\Programs\Python\Python312\Lib\site-packages\jinja2\environment.py", line 942, in handle_exception
    raise rewrite_traceback_stack(source=source)
  File "C:\PAP\flask-beleza\templates\index.html", line 1, in top-level template code
    {% extends "base.html" %}
  File "C:\PAP\flask-beleza\templates\base.html", line 178, in top-level template code
    {% block content %}{% endblock %}
    ^^^^^^^^^^^^^^^^^^^^^^^^^
  File "C:\PAP\flask-beleza\templates\index.html", line 10, in block 'content'
    <a href="{{ url_for('agendar_redirect') }}" class="btn btn-pink">Agendar agora</a>
    ^^^^^^^^^^^^^^^^^^^^^^^^^
  File "c:\Users\User\AppData\Local\Programs\Python\Python312\Lib\site-packages\flask\app.py", line 1121, in url_for
    return self.handle_url_build_error(error, endpoint, values)
           ^^^^^^^^^^^^^^^^^^^^^^^^^^^^^^^^^^^^^^^^^^^^^^^^^^^^
  File "c:\Users\User\AppData\Local\Programs\Python\Python312\Lib\site-packages\flask\app.py", line 1110, in url_for
    rv = url_adapter.build(  # type: ignore[union-attr]
         ^^^^^^^^^^^^^^^^^^^^^^^^^^^^^^^^^^^^^^^^^^^^^^
  File "c:\Users\User\AppData\Local\Programs\Python\Python312\Lib\site-packages\werkzeug\routing\map.py", line 924, in build
    raise BuildError(endpoint, values, method, self)
werkzeug.routing.exceptions.BuildError: Could not build url for endpoint 'agendar_redirect'. Did you mean 'reset_request' instead?

2025-11-01 12:13:44,156 — INFO — 🪶 Logging iniciado.
2025-11-01 12:13:49,044 — INFO — Host mysql-anapedro0813-6f31.b.aivencloud.com → 85.9.202.141
2025-11-01 12:13:56,511 — INFO — Host mysql-anapedro0813-6f31.b.aivencloud.com → 85.9.202.141
2025-11-01 12:13:57,302 — ERROR — Exception on / [GET]
Traceback (most recent call last):
  File "c:\Users\User\AppData\Local\Programs\Python\Python312\Lib\site-packages\flask\app.py", line 1511, in wsgi_app
    response = self.full_dispatch_request()
               ^^^^^^^^^^^^^^^^^^^^^^^^^^^^
  File "c:\Users\User\AppData\Local\Programs\Python\Python312\Lib\site-packages\flask\app.py", line 919, in full_dispatch_request
    rv = self.handle_user_exception(e)
         ^^^^^^^^^^^^^^^^^^^^^^^^^^^^^
  File "c:\Users\User\AppData\Local\Programs\Python\Python312\Lib\site-packages\flask\app.py", line 917, in full_dispatch_request
    rv = self.dispatch_request()
         ^^^^^^^^^^^^^^^^^^^^^^^
  File "c:\Users\User\AppData\Local\Programs\Python\Python312\Lib\site-packages\flask\app.py", line 902, in dispatch_request
    return self.ensure_sync(self.view_functions[rule.endpoint])(**view_args)  # type: ignore[no-any-return]
           ^^^^^^^^^^^^^^^^^^^^^^^^^^^^^^^^^^^^^^^^^^^^^^^^^^^^^^^^^^^^^^^^^
  File "C:\PAP\flask-beleza\app.py", line 330, in index
    return render_template("index.html")
           ^^^^^^^^^^^^^^^^^^^^^^^^^^^^^
  File "c:\Users\User\AppData\Local\Programs\Python\Python312\Lib\site-packages\flask\templating.py", line 150, in render_template
    return _render(app, template, context)
           ^^^^^^^^^^^^^^^^^^^^^^^^^^^^^^^
  File "c:\Users\User\AppData\Local\Programs\Python\Python312\Lib\site-packages\flask\templating.py", line 131, in _render
    rv = template.render(context)
         ^^^^^^^^^^^^^^^^^^^^^^^^
  File "c:\Users\User\AppData\Local\Programs\Python\Python312\Lib\site-packages\jinja2\environment.py", line 1295, in render
    self.environment.handle_exception()
  File "c:\Users\User\AppData\Local\Programs\Python\Python312\Lib\site-packages\jinja2\environment.py", line 942, in handle_exception
    raise rewrite_traceback_stack(source=source)
  File "C:\PAP\flask-beleza\templates\index.html", line 1, in top-level template code
    {% extends "base.html" %}
  File "C:\PAP\flask-beleza\templates\base.html", line 151, in top-level template code
    <a href="{{ url_for('minhas_marcacoes') }}">📋 Minhas Marcações</a>
    ^^^^^^^^^^^^^^^^^^^^^^^^^
  File "c:\Users\User\AppData\Local\Programs\Python\Python312\Lib\site-packages\flask\app.py", line 1121, in url_for
    return self.handle_url_build_error(error, endpoint, values)
           ^^^^^^^^^^^^^^^^^^^^^^^^^^^^^^^^^^^^^^^^^^^^^^^^^^^^
  File "c:\Users\User\AppData\Local\Programs\Python\Python312\Lib\site-packages\flask\app.py", line 1110, in url_for
    rv = url_adapter.build(  # type: ignore[union-attr]
         ^^^^^^^^^^^^^^^^^^^^^^^^^^^^^^^^^^^^^^^^^^^^^^
  File "c:\Users\User\AppData\Local\Programs\Python\Python312\Lib\site-packages\werkzeug\routing\map.py", line 924, in build
    raise BuildError(endpoint, values, method, self)
werkzeug.routing.exceptions.BuildError: Could not build url for endpoint 'minhas_marcacoes'. Did you mean 'marcacoes' instead?
2025-11-01 12:13:57,316 — ERROR — Traceback (most recent call last):
  File "c:\Users\User\AppData\Local\Programs\Python\Python312\Lib\site-packages\flask\app.py", line 1511, in wsgi_app
    response = self.full_dispatch_request()
               ^^^^^^^^^^^^^^^^^^^^^^^^^^^^
  File "c:\Users\User\AppData\Local\Programs\Python\Python312\Lib\site-packages\flask\app.py", line 919, in full_dispatch_request
    rv = self.handle_user_exception(e)
         ^^^^^^^^^^^^^^^^^^^^^^^^^^^^^
  File "c:\Users\User\AppData\Local\Programs\Python\Python312\Lib\site-packages\flask\app.py", line 917, in full_dispatch_request
    rv = self.dispatch_request()
         ^^^^^^^^^^^^^^^^^^^^^^^
  File "c:\Users\User\AppData\Local\Programs\Python\Python312\Lib\site-packages\flask\app.py", line 902, in dispatch_request
    return self.ensure_sync(self.view_functions[rule.endpoint])(**view_args)  # type: ignore[no-any-return]
           ^^^^^^^^^^^^^^^^^^^^^^^^^^^^^^^^^^^^^^^^^^^^^^^^^^^^^^^^^^^^^^^^^
  File "C:\PAP\flask-beleza\app.py", line 330, in index
    return render_template("index.html")
           ^^^^^^^^^^^^^^^^^^^^^^^^^^^^^
  File "c:\Users\User\AppData\Local\Programs\Python\Python312\Lib\site-packages\flask\templating.py", line 150, in render_template
    return _render(app, template, context)
           ^^^^^^^^^^^^^^^^^^^^^^^^^^^^^^^
  File "c:\Users\User\AppData\Local\Programs\Python\Python312\Lib\site-packages\flask\templating.py", line 131, in _render
    rv = template.render(context)
         ^^^^^^^^^^^^^^^^^^^^^^^^
  File "c:\Users\User\AppData\Local\Programs\Python\Python312\Lib\site-packages\jinja2\environment.py", line 1295, in render
    self.environment.handle_exception()
  File "c:\Users\User\AppData\Local\Programs\Python\Python312\Lib\site-packages\jinja2\environment.py", line 942, in handle_exception
    raise rewrite_traceback_stack(source=source)
  File "C:\PAP\flask-beleza\templates\index.html", line 1, in top-level template code
    {% extends "base.html" %}
  File "C:\PAP\flask-beleza\templates\base.html", line 151, in top-level template code
    <a href="{{ url_for('minhas_marcacoes') }}">📋 Minhas Marcações</a>
    ^^^^^^^^^^^^^^^^^^^^^^^^^
  File "c:\Users\User\AppData\Local\Programs\Python\Python312\Lib\site-packages\flask\app.py", line 1121, in url_for
    return self.handle_url_build_error(error, endpoint, values)
           ^^^^^^^^^^^^^^^^^^^^^^^^^^^^^^^^^^^^^^^^^^^^^^^^^^^^
  File "c:\Users\User\AppData\Local\Programs\Python\Python312\Lib\site-packages\flask\app.py", line 1110, in url_for
    rv = url_adapter.build(  # type: ignore[union-attr]
         ^^^^^^^^^^^^^^^^^^^^^^^^^^^^^^^^^^^^^^^^^^^^^^
  File "c:\Users\User\AppData\Local\Programs\Python\Python312\Lib\site-packages\werkzeug\routing\map.py", line 924, in build
    raise BuildError(endpoint, values, method, self)
werkzeug.routing.exceptions.BuildError: Could not build url for endpoint 'minhas_marcacoes'. Did you mean 'marcacoes' instead?

2025-11-01 12:14:56,631 — INFO — 🪶 Logging iniciado.
2025-11-01 12:14:57,979 — ERROR — Exception on / [GET]
Traceback (most recent call last):
  File "c:\Users\User\AppData\Local\Programs\Python\Python312\Lib\site-packages\flask\app.py", line 1511, in wsgi_app
    response = self.full_dispatch_request()
               ^^^^^^^^^^^^^^^^^^^^^^^^^^^^
  File "c:\Users\User\AppData\Local\Programs\Python\Python312\Lib\site-packages\flask\app.py", line 919, in full_dispatch_request
    rv = self.handle_user_exception(e)
         ^^^^^^^^^^^^^^^^^^^^^^^^^^^^^
  File "c:\Users\User\AppData\Local\Programs\Python\Python312\Lib\site-packages\flask\app.py", line 917, in full_dispatch_request
    rv = self.dispatch_request()
         ^^^^^^^^^^^^^^^^^^^^^^^
  File "c:\Users\User\AppData\Local\Programs\Python\Python312\Lib\site-packages\flask\app.py", line 902, in dispatch_request
    return self.ensure_sync(self.view_functions[rule.endpoint])(**view_args)  # type: ignore[no-any-return]
           ^^^^^^^^^^^^^^^^^^^^^^^^^^^^^^^^^^^^^^^^^^^^^^^^^^^^^^^^^^^^^^^^^
  File "C:\PAP\flask-beleza\app.py", line 318, in index
    return render_template("index.html")
           ^^^^^^^^^^^^^^^^^^^^^^^^^^^^^
  File "c:\Users\User\AppData\Local\Programs\Python\Python312\Lib\site-packages\flask\templating.py", line 150, in render_template
    return _render(app, template, context)
           ^^^^^^^^^^^^^^^^^^^^^^^^^^^^^^^
  File "c:\Users\User\AppData\Local\Programs\Python\Python312\Lib\site-packages\flask\templating.py", line 131, in _render
    rv = template.render(context)
         ^^^^^^^^^^^^^^^^^^^^^^^^
  File "c:\Users\User\AppData\Local\Programs\Python\Python312\Lib\site-packages\jinja2\environment.py", line 1295, in render
    self.environment.handle_exception()
  File "c:\Users\User\AppData\Local\Programs\Python\Python312\Lib\site-packages\jinja2\environment.py", line 942, in handle_exception
    raise rewrite_traceback_stack(source=source)
  File "C:\PAP\flask-beleza\templates\index.html", line 1, in top-level template code
    {% extends "base.html" %}
  File "C:\PAP\flask-beleza\templates\base.html", line 151, in top-level template code
    <a href="{{ url_for('minhas_marcacoes') }}">📋 Minhas Marcações</a>
    ^^^^^^^^^^^^^^^^^^^^^^^^^
  File "c:\Users\User\AppData\Local\Programs\Python\Python312\Lib\site-packages\flask\app.py", line 1121, in url_for
    return self.handle_url_build_error(error, endpoint, values)
           ^^^^^^^^^^^^^^^^^^^^^^^^^^^^^^^^^^^^^^^^^^^^^^^^^^^^
  File "c:\Users\User\AppData\Local\Programs\Python\Python312\Lib\site-packages\flask\app.py", line 1110, in url_for
    rv = url_adapter.build(  # type: ignore[union-attr]
         ^^^^^^^^^^^^^^^^^^^^^^^^^^^^^^^^^^^^^^^^^^^^^^
  File "c:\Users\User\AppData\Local\Programs\Python\Python312\Lib\site-packages\werkzeug\routing\map.py", line 924, in build
    raise BuildError(endpoint, values, method, self)
werkzeug.routing.exceptions.BuildError: Could not build url for endpoint 'minhas_marcacoes'. Did you mean 'marcacoes' instead?
2025-11-01 12:14:58,004 — ERROR — Traceback (most recent call last):
  File "c:\Users\User\AppData\Local\Programs\Python\Python312\Lib\site-packages\flask\app.py", line 1511, in wsgi_app
    response = self.full_dispatch_request()
               ^^^^^^^^^^^^^^^^^^^^^^^^^^^^
  File "c:\Users\User\AppData\Local\Programs\Python\Python312\Lib\site-packages\flask\app.py", line 919, in full_dispatch_request
    rv = self.handle_user_exception(e)
         ^^^^^^^^^^^^^^^^^^^^^^^^^^^^^
  File "c:\Users\User\AppData\Local\Programs\Python\Python312\Lib\site-packages\flask\app.py", line 917, in full_dispatch_request
    rv = self.dispatch_request()
         ^^^^^^^^^^^^^^^^^^^^^^^
  File "c:\Users\User\AppData\Local\Programs\Python\Python312\Lib\site-packages\flask\app.py", line 902, in dispatch_request
    return self.ensure_sync(self.view_functions[rule.endpoint])(**view_args)  # type: ignore[no-any-return]
           ^^^^^^^^^^^^^^^^^^^^^^^^^^^^^^^^^^^^^^^^^^^^^^^^^^^^^^^^^^^^^^^^^
  File "C:\PAP\flask-beleza\app.py", line 318, in index
    return render_template("index.html")
           ^^^^^^^^^^^^^^^^^^^^^^^^^^^^^
  File "c:\Users\User\AppData\Local\Programs\Python\Python312\Lib\site-packages\flask\templating.py", line 150, in render_template
    return _render(app, template, context)
           ^^^^^^^^^^^^^^^^^^^^^^^^^^^^^^^
  File "c:\Users\User\AppData\Local\Programs\Python\Python312\Lib\site-packages\flask\templating.py", line 131, in _render
    rv = template.render(context)
         ^^^^^^^^^^^^^^^^^^^^^^^^
  File "c:\Users\User\AppData\Local\Programs\Python\Python312\Lib\site-packages\jinja2\environment.py", line 1295, in render
    self.environment.handle_exception()
  File "c:\Users\User\AppData\Local\Programs\Python\Python312\Lib\site-packages\jinja2\environment.py", line 942, in handle_exception
    raise rewrite_traceback_stack(source=source)
  File "C:\PAP\flask-beleza\templates\index.html", line 1, in top-level template code
    {% extends "base.html" %}
  File "C:\PAP\flask-beleza\templates\base.html", line 151, in top-level template code
    <a href="{{ url_for('minhas_marcacoes') }}">📋 Minhas Marcações</a>
    ^^^^^^^^^^^^^^^^^^^^^^^^^
  File "c:\Users\User\AppData\Local\Programs\Python\Python312\Lib\site-packages\flask\app.py", line 1121, in url_for
    return self.handle_url_build_error(error, endpoint, values)
           ^^^^^^^^^^^^^^^^^^^^^^^^^^^^^^^^^^^^^^^^^^^^^^^^^^^^
  File "c:\Users\User\AppData\Local\Programs\Python\Python312\Lib\site-packages\flask\app.py", line 1110, in url_for
    rv = url_adapter.build(  # type: ignore[union-attr]
         ^^^^^^^^^^^^^^^^^^^^^^^^^^^^^^^^^^^^^^^^^^^^^^
  File "c:\Users\User\AppData\Local\Programs\Python\Python312\Lib\site-packages\werkzeug\routing\map.py", line 924, in build
    raise BuildError(endpoint, values, method, self)
werkzeug.routing.exceptions.BuildError: Could not build url for endpoint 'minhas_marcacoes'. Did you mean 'marcacoes' instead?

2025-11-01 12:24:15,991 — INFO — Logging iniciado.
2025-11-01 12:24:17,554 — ERROR — Exception on / [GET]
Traceback (most recent call last):
  File "c:\Users\User\AppData\Local\Programs\Python\Python312\Lib\site-packages\flask\app.py", line 1511, in wsgi_app
    response = self.full_dispatch_request()
               ^^^^^^^^^^^^^^^^^^^^^^^^^^^^
  File "c:\Users\User\AppData\Local\Programs\Python\Python312\Lib\site-packages\flask\app.py", line 919, in full_dispatch_request
    rv = self.handle_user_exception(e)
         ^^^^^^^^^^^^^^^^^^^^^^^^^^^^^
  File "c:\Users\User\AppData\Local\Programs\Python\Python312\Lib\site-packages\flask\app.py", line 917, in full_dispatch_request
    rv = self.dispatch_request()
         ^^^^^^^^^^^^^^^^^^^^^^^
  File "c:\Users\User\AppData\Local\Programs\Python\Python312\Lib\site-packages\flask\app.py", line 902, in dispatch_request
    return self.ensure_sync(self.view_functions[rule.endpoint])(**view_args)  # type: ignore[no-any-return]
           ^^^^^^^^^^^^^^^^^^^^^^^^^^^^^^^^^^^^^^^^^^^^^^^^^^^^^^^^^^^^^^^^^
  File "C:\PAP\flask-beleza\app.py", line 266, in index
    return render_template("index.html")
           ^^^^^^^^^^^^^^^^^^^^^^^^^^^^^
  File "c:\Users\User\AppData\Local\Programs\Python\Python312\Lib\site-packages\flask\templating.py", line 150, in render_template
    return _render(app, template, context)
           ^^^^^^^^^^^^^^^^^^^^^^^^^^^^^^^
  File "c:\Users\User\AppData\Local\Programs\Python\Python312\Lib\site-packages\flask\templating.py", line 131, in _render
    rv = template.render(context)
         ^^^^^^^^^^^^^^^^^^^^^^^^
  File "c:\Users\User\AppData\Local\Programs\Python\Python312\Lib\site-packages\jinja2\environment.py", line 1295, in render
    self.environment.handle_exception()
  File "c:\Users\User\AppData\Local\Programs\Python\Python312\Lib\site-packages\jinja2\environment.py", line 942, in handle_exception
    raise rewrite_traceback_stack(source=source)
  File "C:\PAP\flask-beleza\templates\index.html", line 1, in top-level template code
    {% extends "base.html" %}
  File "C:\PAP\flask-beleza\templates\base.html", line 129, in top-level template code
    <a href="{{ url_for('servicos') }}">Serviços</a>
    ^^^^^^^^^^^^^^^^^^^^^^^^^
  File "c:\Users\User\AppData\Local\Programs\Python\Python312\Lib\site-packages\flask\app.py", line 1121, in url_for
    return self.handle_url_build_error(error, endpoint, values)
           ^^^^^^^^^^^^^^^^^^^^^^^^^^^^^^^^^^^^^^^^^^^^^^^^^^^^
  File "c:\Users\User\AppData\Local\Programs\Python\Python312\Lib\site-packages\flask\app.py", line 1110, in url_for
    rv = url_adapter.build(  # type: ignore[union-attr]
         ^^^^^^^^^^^^^^^^^^^^^^^^^^^^^^^^^^^^^^^^^^^^^^
  File "c:\Users\User\AppData\Local\Programs\Python\Python312\Lib\site-packages\werkzeug\routing\map.py", line 924, in build
    raise BuildError(endpoint, values, method, self)
werkzeug.routing.exceptions.BuildError: Could not build url for endpoint 'servicos'. Did you mean 'admin_servicos' instead?
2025-11-01 12:24:17,564 — ERROR — Traceback (most recent call last):
  File "c:\Users\User\AppData\Local\Programs\Python\Python312\Lib\site-packages\flask\app.py", line 1511, in wsgi_app
    response = self.full_dispatch_request()
               ^^^^^^^^^^^^^^^^^^^^^^^^^^^^
  File "c:\Users\User\AppData\Local\Programs\Python\Python312\Lib\site-packages\flask\app.py", line 919, in full_dispatch_request
    rv = self.handle_user_exception(e)
         ^^^^^^^^^^^^^^^^^^^^^^^^^^^^^
  File "c:\Users\User\AppData\Local\Programs\Python\Python312\Lib\site-packages\flask\app.py", line 917, in full_dispatch_request
    rv = self.dispatch_request()
         ^^^^^^^^^^^^^^^^^^^^^^^
  File "c:\Users\User\AppData\Local\Programs\Python\Python312\Lib\site-packages\flask\app.py", line 902, in dispatch_request
    return self.ensure_sync(self.view_functions[rule.endpoint])(**view_args)  # type: ignore[no-any-return]
           ^^^^^^^^^^^^^^^^^^^^^^^^^^^^^^^^^^^^^^^^^^^^^^^^^^^^^^^^^^^^^^^^^
  File "C:\PAP\flask-beleza\app.py", line 266, in index
    return render_template("index.html")
           ^^^^^^^^^^^^^^^^^^^^^^^^^^^^^
  File "c:\Users\User\AppData\Local\Programs\Python\Python312\Lib\site-packages\flask\templating.py", line 150, in render_template
    return _render(app, template, context)
           ^^^^^^^^^^^^^^^^^^^^^^^^^^^^^^^
  File "c:\Users\User\AppData\Local\Programs\Python\Python312\Lib\site-packages\flask\templating.py", line 131, in _render
    rv = template.render(context)
         ^^^^^^^^^^^^^^^^^^^^^^^^
  File "c:\Users\User\AppData\Local\Programs\Python\Python312\Lib\site-packages\jinja2\environment.py", line 1295, in render
    self.environment.handle_exception()
  File "c:\Users\User\AppData\Local\Programs\Python\Python312\Lib\site-packages\jinja2\environment.py", line 942, in handle_exception
    raise rewrite_traceback_stack(source=source)
  File "C:\PAP\flask-beleza\templates\index.html", line 1, in top-level template code
    {% extends "base.html" %}
  File "C:\PAP\flask-beleza\templates\base.html", line 129, in top-level template code
    <a href="{{ url_for('servicos') }}">Serviços</a>
    ^^^^^^^^^^^^^^^^^^^^^^^^^
  File "c:\Users\User\AppData\Local\Programs\Python\Python312\Lib\site-packages\flask\app.py", line 1121, in url_for
    return self.handle_url_build_error(error, endpoint, values)
           ^^^^^^^^^^^^^^^^^^^^^^^^^^^^^^^^^^^^^^^^^^^^^^^^^^^^
  File "c:\Users\User\AppData\Local\Programs\Python\Python312\Lib\site-packages\flask\app.py", line 1110, in url_for
    rv = url_adapter.build(  # type: ignore[union-attr]
         ^^^^^^^^^^^^^^^^^^^^^^^^^^^^^^^^^^^^^^^^^^^^^^
  File "c:\Users\User\AppData\Local\Programs\Python\Python312\Lib\site-packages\werkzeug\routing\map.py", line 924, in build
    raise BuildError(endpoint, values, method, self)
werkzeug.routing.exceptions.BuildError: Could not build url for endpoint 'servicos'. Did you mean 'admin_servicos' instead?

2025-11-01 12:29:16,013 — INFO — Verificando marcações para lembrete...
2025-11-01 12:29:16,041 — INFO — MySQL host mysql-anapedro0813-6f31.b.aivencloud.com → 85.9.202.141
2025-11-01 12:32:04,066 — INFO — Logging iniciado.
2025-11-01 12:32:06,628 — ERROR — Exception on / [GET]
Traceback (most recent call last):
  File "c:\Users\User\AppData\Local\Programs\Python\Python312\Lib\site-packages\flask\app.py", line 1511, in wsgi_app
    response = self.full_dispatch_request()
               ^^^^^^^^^^^^^^^^^^^^^^^^^^^^
  File "c:\Users\User\AppData\Local\Programs\Python\Python312\Lib\site-packages\flask\app.py", line 919, in full_dispatch_request
    rv = self.handle_user_exception(e)
         ^^^^^^^^^^^^^^^^^^^^^^^^^^^^^
  File "c:\Users\User\AppData\Local\Programs\Python\Python312\Lib\site-packages\flask\app.py", line 917, in full_dispatch_request
    rv = self.dispatch_request()
         ^^^^^^^^^^^^^^^^^^^^^^^
  File "c:\Users\User\AppData\Local\Programs\Python\Python312\Lib\site-packages\flask\app.py", line 902, in dispatch_request
    return self.ensure_sync(self.view_functions[rule.endpoint])(**view_args)  # type: ignore[no-any-return]
           ^^^^^^^^^^^^^^^^^^^^^^^^^^^^^^^^^^^^^^^^^^^^^^^^^^^^^^^^^^^^^^^^^
  File "C:\PAP\flask-beleza\app.py", line 266, in index
    return render_template("index.html")
           ^^^^^^^^^^^^^^^^^^^^^^^^^^^^^
  File "c:\Users\User\AppData\Local\Programs\Python\Python312\Lib\site-packages\flask\templating.py", line 150, in render_template
    return _render(app, template, context)
           ^^^^^^^^^^^^^^^^^^^^^^^^^^^^^^^
  File "c:\Users\User\AppData\Local\Programs\Python\Python312\Lib\site-packages\flask\templating.py", line 131, in _render
    rv = template.render(context)
         ^^^^^^^^^^^^^^^^^^^^^^^^
  File "c:\Users\User\AppData\Local\Programs\Python\Python312\Lib\site-packages\jinja2\environment.py", line 1295, in render
    self.environment.handle_exception()
  File "c:\Users\User\AppData\Local\Programs\Python\Python312\Lib\site-packages\jinja2\environment.py", line 942, in handle_exception
    raise rewrite_traceback_stack(source=source)
  File "C:\PAP\flask-beleza\templates\index.html", line 1, in top-level template code
    {% extends "base.html" %}
  File "C:\PAP\flask-beleza\templates\base.html", line 129, in top-level template code
    <a href="{{ url_for('servicos') }}">Serviços</a>
    ^^^^^^^^^^^^^^^^^^^^^^^^^
  File "c:\Users\User\AppData\Local\Programs\Python\Python312\Lib\site-packages\flask\app.py", line 1121, in url_for
    return self.handle_url_build_error(error, endpoint, values)
           ^^^^^^^^^^^^^^^^^^^^^^^^^^^^^^^^^^^^^^^^^^^^^^^^^^^^
  File "c:\Users\User\AppData\Local\Programs\Python\Python312\Lib\site-packages\flask\app.py", line 1110, in url_for
    rv = url_adapter.build(  # type: ignore[union-attr]
         ^^^^^^^^^^^^^^^^^^^^^^^^^^^^^^^^^^^^^^^^^^^^^^
  File "c:\Users\User\AppData\Local\Programs\Python\Python312\Lib\site-packages\werkzeug\routing\map.py", line 924, in build
    raise BuildError(endpoint, values, method, self)
werkzeug.routing.exceptions.BuildError: Could not build url for endpoint 'servicos'. Did you mean 'admin_servicos' instead?
2025-11-01 12:32:06,643 — ERROR — Traceback (most recent call last):
  File "c:\Users\User\AppData\Local\Programs\Python\Python312\Lib\site-packages\flask\app.py", line 1511, in wsgi_app
    response = self.full_dispatch_request()
               ^^^^^^^^^^^^^^^^^^^^^^^^^^^^
  File "c:\Users\User\AppData\Local\Programs\Python\Python312\Lib\site-packages\flask\app.py", line 919, in full_dispatch_request
    rv = self.handle_user_exception(e)
         ^^^^^^^^^^^^^^^^^^^^^^^^^^^^^
  File "c:\Users\User\AppData\Local\Programs\Python\Python312\Lib\site-packages\flask\app.py", line 917, in full_dispatch_request
    rv = self.dispatch_request()
         ^^^^^^^^^^^^^^^^^^^^^^^
  File "c:\Users\User\AppData\Local\Programs\Python\Python312\Lib\site-packages\flask\app.py", line 902, in dispatch_request
    return self.ensure_sync(self.view_functions[rule.endpoint])(**view_args)  # type: ignore[no-any-return]
           ^^^^^^^^^^^^^^^^^^^^^^^^^^^^^^^^^^^^^^^^^^^^^^^^^^^^^^^^^^^^^^^^^
  File "C:\PAP\flask-beleza\app.py", line 266, in index
    return render_template("index.html")
           ^^^^^^^^^^^^^^^^^^^^^^^^^^^^^
  File "c:\Users\User\AppData\Local\Programs\Python\Python312\Lib\site-packages\flask\templating.py", line 150, in render_template
    return _render(app, template, context)
           ^^^^^^^^^^^^^^^^^^^^^^^^^^^^^^^
  File "c:\Users\User\AppData\Local\Programs\Python\Python312\Lib\site-packages\flask\templating.py", line 131, in _render
    rv = template.render(context)
         ^^^^^^^^^^^^^^^^^^^^^^^^
  File "c:\Users\User\AppData\Local\Programs\Python\Python312\Lib\site-packages\jinja2\environment.py", line 1295, in render
    self.environment.handle_exception()
  File "c:\Users\User\AppData\Local\Programs\Python\Python312\Lib\site-packages\jinja2\environment.py", line 942, in handle_exception
    raise rewrite_traceback_stack(source=source)
  File "C:\PAP\flask-beleza\templates\index.html", line 1, in top-level template code
    {% extends "base.html" %}
  File "C:\PAP\flask-beleza\templates\base.html", line 129, in top-level template code
    <a href="{{ url_for('servicos') }}">Serviços</a>
    ^^^^^^^^^^^^^^^^^^^^^^^^^
  File "c:\Users\User\AppData\Local\Programs\Python\Python312\Lib\site-packages\flask\app.py", line 1121, in url_for
    return self.handle_url_build_error(error, endpoint, values)
           ^^^^^^^^^^^^^^^^^^^^^^^^^^^^^^^^^^^^^^^^^^^^^^^^^^^^
  File "c:\Users\User\AppData\Local\Programs\Python\Python312\Lib\site-packages\flask\app.py", line 1110, in url_for
    rv = url_adapter.build(  # type: ignore[union-attr]
         ^^^^^^^^^^^^^^^^^^^^^^^^^^^^^^^^^^^^^^^^^^^^^^
  File "c:\Users\User\AppData\Local\Programs\Python\Python312\Lib\site-packages\werkzeug\routing\map.py", line 924, in build
    raise BuildError(endpoint, values, method, self)
werkzeug.routing.exceptions.BuildError: Could not build url for endpoint 'servicos'. Did you mean 'admin_servicos' instead?

2025-11-01 12:37:04,099 — INFO — Verificando marcações para lembrete...
2025-11-01 12:37:04,130 — INFO — MySQL host mysql-anapedro0813-6f31.b.aivencloud.com → 85.9.202.141
2025-11-01 12:42:04,096 — INFO — Verificando marcações para lembrete...
2025-11-01 12:42:04,120 — INFO — MySQL host mysql-anapedro0813-6f31.b.aivencloud.com → 85.9.202.141
2025-11-01 12:47:04,086 — INFO — Verificando marcações para lembrete...
2025-11-01 12:47:04,112 — INFO — MySQL host mysql-anapedro0813-6f31.b.aivencloud.com → 85.9.202.141
2025-11-01 12:52:04,090 — INFO — Verificando marcações para lembrete...
2025-11-01 12:52:04,112 — INFO — MySQL host mysql-anapedro0813-6f31.b.aivencloud.com → 85.9.202.141
2025-11-01 12:57:04,083 — INFO — Verificando marcações para lembrete...
2025-11-01 12:57:04,110 — INFO — MySQL host mysql-anapedro0813-6f31.b.aivencloud.com → 85.9.202.141
2025-11-01 13:06:14,608 — INFO — Logging iniciado.
2025-11-01 13:07:36,588 — INFO — MySQL host mysql-anapedro0813-6f31.b.aivencloud.com → 85.9.202.141
2025-11-01 13:07:50,717 — INFO — MySQL host mysql-anapedro0813-6f31.b.aivencloud.com → 85.9.202.141
2025-11-01 13:07:51,521 — INFO — MySQL host mysql-anapedro0813-6f31.b.aivencloud.com → 85.9.202.141
2025-11-01 13:07:52,381 — INFO — [MAIL] enviado para ['9a04d8001@smtp-brevo.com']
2025-11-01 13:07:52,384 — INFO — [MAIL] enviado para ['slowlydiogoo@gmail.com']
2025-11-01 13:11:14,636 — INFO — A verificar marcações para lembrete...
2025-11-01 13:11:14,658 — INFO — MySQL host mysql-anapedro0813-6f31.b.aivencloud.com → 85.9.202.141
2025-11-01 13:16:14,636 — INFO — A verificar marcações para lembrete...
2025-11-01 13:16:14,663 — INFO — MySQL host mysql-anapedro0813-6f31.b.aivencloud.com → 85.9.202.141
2025-11-01 13:16:26,883 — INFO — Logging iniciado.
2025-11-01 13:16:33,514 — INFO — MySQL host mysql-anapedro0813-6f31.b.aivencloud.com → 85.9.202.141
2025-11-01 13:16:54,081 — INFO — MySQL host mysql-anapedro0813-6f31.b.aivencloud.com → 85.9.202.141
2025-11-01 13:16:54,700 — INFO — MySQL host mysql-anapedro0813-6f31.b.aivencloud.com → 85.9.202.141
2025-11-01 13:16:55,337 — INFO — [MAIL] enviado para ['slowlydiogoo@gmail.com']
2025-11-01 13:16:55,341 — INFO — [MAIL] enviado para ['agenda.beleza.contato@gmail.com']
2025-11-01 13:21:26,924 — INFO — A verificar marcações para lembrete...
2025-11-01 13:21:26,957 — INFO — MySQL host mysql-anapedro0813-6f31.b.aivencloud.com → 85.9.202.141
2025-11-01 13:26:26,915 — INFO — A verificar marcações para lembrete...
2025-11-01 13:26:26,941 — INFO — MySQL host mysql-anapedro0813-6f31.b.aivencloud.com → 85.9.202.141
2025-11-01 13:31:26,928 — INFO — A verificar marcações para lembrete...
2025-11-01 13:31:26,990 — INFO — MySQL host mysql-anapedro0813-6f31.b.aivencloud.com → 85.9.202.141
2025-11-01 13:36:26,926 — INFO — A verificar marcações para lembrete...
2025-11-01 13:36:26,942 — INFO — MySQL host mysql-anapedro0813-6f31.b.aivencloud.com → 85.9.202.141
2025-11-01 13:41:26,925 — INFO — A verificar marcações para lembrete...
2025-11-01 13:41:26,955 — INFO — MySQL host mysql-anapedro0813-6f31.b.aivencloud.com → 85.9.202.141
2025-11-01 13:46:26,916 — INFO — A verificar marcações para lembrete...
2025-11-01 13:46:27,019 — INFO — MySQL host mysql-anapedro0813-6f31.b.aivencloud.com → 85.9.202.141
2025-11-01 13:51:26,915 — INFO — A verificar marcações para lembrete...
2025-11-01 13:51:26,948 — INFO — MySQL host mysql-anapedro0813-6f31.b.aivencloud.com → 85.9.202.141
2025-11-01 13:56:26,918 — INFO — A verificar marcações para lembrete...
2025-11-01 13:56:26,946 — INFO — MySQL host mysql-anapedro0813-6f31.b.aivencloud.com → 85.9.202.141
2025-11-01 14:01:26,914 — INFO — A verificar marcações para lembrete...
2025-11-01 14:01:26,937 — INFO — MySQL host mysql-anapedro0813-6f31.b.aivencloud.com → 85.9.202.141
2025-11-01 14:13:41,718 — INFO — Logging iniciado.
2025-11-01 14:15:13,639 — INFO — MySQL host mysql-anapedro0813-6f31.b.aivencloud.com → 85.9.202.141
2025-11-01 14:15:20,806 — INFO — MySQL host mysql-anapedro0813-6f31.b.aivencloud.com → 85.9.202.141
2025-11-01 14:15:30,482 — INFO — MySQL host mysql-anapedro0813-6f31.b.aivencloud.com → 85.9.202.141
2025-11-01 14:15:41,517 — INFO — MySQL host mysql-anapedro0813-6f31.b.aivencloud.com → 85.9.202.141
2025-11-01 14:15:43,316 — INFO — MySQL host mysql-anapedro0813-6f31.b.aivencloud.com → 85.9.202.141
2025-11-01 14:15:45,326 — INFO — MySQL host mysql-anapedro0813-6f31.b.aivencloud.com → 85.9.202.141
2025-11-01 14:18:41,749 — INFO — A verificar marcações para lembrete...
2025-11-01 14:18:41,808 — INFO — MySQL host mysql-anapedro0813-6f31.b.aivencloud.com → 85.9.202.141
2025-11-01 14:23:41,748 — INFO — A verificar marcações para lembrete...
2025-11-01 14:23:41,781 — INFO — MySQL host mysql-anapedro0813-6f31.b.aivencloud.com → 85.9.202.141
